// Jest Snapshot v1, https://goo.gl/fbAQLP

exports[`Color Container should match the snapshot, given a set of colors 1`] = `
<div
  className="color-container"
>
  <section
    className="palette-container__section"
  >
    <ColorCard
      card={
        Object {
          "color": "#FFFFFF",
          "index": 0,
          "locked": false,
        }
      }
      key="0"
      toggleColorLock={[MockFunction]}
    />
    <ColorCard
      card={
        Object {
          "color": "#FFFFFF",
          "index": 1,
          "locked": false,
        }
      }
      key="1"
      toggleColorLock={[MockFunction]}
    />
    <ColorCard
      card={
        Object {
          "color": "#FFFFFF",
          "index": 2,
          "locked": false,
        }
      }
      key="2"
      toggleColorLock={[MockFunction]}
    />
    <ColorCard
      card={
        Object {
          "color": "#FFFFFF",
          "index": 3,
          "locked": false,
        }
      }
      key="3"
      toggleColorLock={[MockFunction]}
    />
    <ColorCard
      card={
        Object {
          "color": "#FFFFFF",
          "index": 4,
          "locked": false,
        }
      }
      key="4"
      toggleColorLock={[MockFunction]}
    />
  </section>
  <div
    className="generate-color__container"
    onClick={[MockFunction]}
  >
    <img
      alt="generate colors"
      className="generate-color__image"
      src="generateColors.svg"
    />
    <p
      className="generate-colors__paragraph"
    >
      Generate Colors
    </p>
  </div>
</div>
`;
